<link rel="stylesheet" href="{{asset('data/css/style.css')}}"/>

<script src="{{asset('/data/js/app.js')}}"></script>