<link rel=stylesheet href={{asset('style.css')}}><script src={{asset('app.js')}}></script>