<link rel=stylesheet href={{asset('data/css/style.css')}}>